======================================================================
ERROR: test_transient_read_does_not_extend_authority (tests.test_conditional_add.ConditionalAddTests.test_transient_read_does_not_extend_authority)
----------------------------------------------------------------------
Traceback (most recent call last):
  File "/root/.paseo/worktrees/1epgz72k/lumpy-hippo/tests/test_conditional_add.py", line 213, in test_transient_read_does_not_extend_authority
    from kis_hl.hyperliquid.client import TransientInfoError
ImportError: cannot import name 'TransientInfoError' from 'kis_hl.hyperliquid.client' (/root/.paseo/worktrees/1epgz72k/lumpy-hippo/kis_hl/hyperliquid/client.py)

======================================================================
ERROR: test_transient_read_recovers_once_after_reopen (tests.test_conditional_add.ConditionalAddTests.test_transient_read_recovers_once_after_reopen)
----------------------------------------------------------------------
Traceback (most recent call last):
  File "/root/.paseo/worktrees/1epgz72k/lumpy-hippo/tests/test_conditional_add.py", line 196, in test_transient_read_recovers_once_after_reopen
    from kis_hl.hyperliquid.client import TransientInfoError
ImportError: cannot import name 'TransientInfoError' from 'kis_hl.hyperliquid.client' (/root/.paseo/worktrees/1epgz72k/lumpy-hippo/kis_hl/hyperliquid/client.py)

======================================================================
FAIL: test_extra_collateral_and_liabilities_fail_closed (tests.test_conditional_add.CapitalTests.test_extra_collateral_and_liabilities_fail_closed) (field='borrowed', value='1')
----------------------------------------------------------------------
Traceback (most recent call last):
  File "/root/.paseo/worktrees/1epgz72k/lumpy-hippo/tests/test_conditional_add.py", line 110, in test_extra_collateral_and_liabilities_fail_closed
    with self.subTest(field=field, value=value), self.assertRaises(ValueError):
AssertionError: ValueError not raised

======================================================================
FAIL: test_extra_collateral_and_liabilities_fail_closed (tests.test_conditional_add.CapitalTests.test_extra_collateral_and_liabilities_fail_closed) (field='borrowed', value='-1')
----------------------------------------------------------------------
Traceback (most recent call last):
  File "/root/.paseo/worktrees/1epgz72k/lumpy-hippo/tests/test_conditional_add.py", line 110, in test_extra_collateral_and_liabilities_fail_closed
    with self.subTest(field=field, value=value), self.assertRaises(ValueError):
AssertionError: ValueError not raised

======================================================================
FAIL: test_extra_collateral_and_liabilities_fail_closed (tests.test_conditional_add.CapitalTests.test_extra_collateral_and_liabilities_fail_closed) (field='borrowed', value=None)
----------------------------------------------------------------------
Traceback (most recent call last):
  File "/root/.paseo/worktrees/1epgz72k/lumpy-hippo/tests/test_conditional_add.py", line 110, in test_extra_collateral_and_liabilities_fail_closed
    with self.subTest(field=field, value=value), self.assertRaises(ValueError):
AssertionError: ValueError not raised

======================================================================
FAIL: test_extra_collateral_and_liabilities_fail_closed (tests.test_conditional_add.CapitalTests.test_extra_collateral_and_liabilities_fail_closed) (field='borrowed', value='NaN')
----------------------------------------------------------------------
Traceback (most recent call last):
  File "/root/.paseo/worktrees/1epgz72k/lumpy-hippo/tests/test_conditional_add.py", line 110, in test_extra_collateral_and_liabilities_fail_closed
    with self.subTest(field=field, value=value), self.assertRaises(ValueError):
AssertionError: ValueError not raised

======================================================================
FAIL: test_extra_collateral_and_liabilities_fail_closed (tests.test_conditional_add.CapitalTests.test_extra_collateral_and_liabilities_fail_closed) (field='borrowed', value={})
----------------------------------------------------------------------
Traceback (most recent call last):
  File "/root/.paseo/worktrees/1epgz72k/lumpy-hippo/tests/test_conditional_add.py", line 110, in test_extra_collateral_and_liabilities_fail_closed
    with self.subTest(field=field, value=value), self.assertRaises(ValueError):
AssertionError: ValueError not raised

======================================================================
FAIL: test_extra_collateral_and_liabilities_fail_closed (tests.test_conditional_add.CapitalTests.test_extra_collateral_and_liabilities_fail_closed) (field='borrowed', value='bad')
----------------------------------------------------------------------
Traceback (most recent call last):
  File "/root/.paseo/worktrees/1epgz72k/lumpy-hippo/tests/test_conditional_add.py", line 110, in test_extra_collateral_and_liabilities_fail_closed
    with self.subTest(field=field, value=value), self.assertRaises(ValueError):
AssertionError: ValueError not raised

======================================================================
FAIL: test_extra_collateral_and_liabilities_fail_closed (tests.test_conditional_add.CapitalTests.test_extra_collateral_and_liabilities_fail_closed) (field='supplied', value='1')
----------------------------------------------------------------------
Traceback (most recent call last):
  File "/root/.paseo/worktrees/1epgz72k/lumpy-hippo/tests/test_conditional_add.py", line 110, in test_extra_collateral_and_liabilities_fail_closed
    with self.subTest(field=field, value=value), self.assertRaises(ValueError):
AssertionError: ValueError not raised

======================================================================
FAIL: test_extra_collateral_and_liabilities_fail_closed (tests.test_conditional_add.CapitalTests.test_extra_collateral_and_liabilities_fail_closed) (field='supplied', value='-1')
----------------------------------------------------------------------
Traceback (most recent call last):
  File "/root/.paseo/worktrees/1epgz72k/lumpy-hippo/tests/test_conditional_add.py", line 110, in test_extra_collateral_and_liabilities_fail_closed
    with self.subTest(field=field, value=value), self.assertRaises(ValueError):
AssertionError: ValueError not raised

======================================================================
FAIL: test_extra_collateral_and_liabilities_fail_closed (tests.test_conditional_add.CapitalTests.test_extra_collateral_and_liabilities_fail_closed) (field='supplied', value=None)
----------------------------------------------------------------------
Traceback (most recent call last):
  File "/root/.paseo/worktrees/1epgz72k/lumpy-hippo/tests/test_conditional_add.py", line 110, in test_extra_collateral_and_liabilities_fail_closed
    with self.subTest(field=field, value=value), self.assertRaises(ValueError):
AssertionError: ValueError not raised

======================================================================
FAIL: test_extra_collateral_and_liabilities_fail_closed (tests.test_conditional_add.CapitalTests.test_extra_collateral_and_liabilities_fail_closed) (field='supplied', value='NaN')
----------------------------------------------------------------------
Traceback (most recent call last):
  File "/root/.paseo/worktrees/1epgz72k/lumpy-hippo/tests/test_conditional_add.py", line 110, in test_extra_collateral_and_liabilities_fail_closed
    with self.subTest(field=field, value=value), self.assertRaises(ValueError):
AssertionError: ValueError not raised

======================================================================
FAIL: test_extra_collateral_and_liabilities_fail_closed (tests.test_conditional_add.CapitalTests.test_extra_collateral_and_liabilities_fail_closed) (field='supplied', value={})
----------------------------------------------------------------------
Traceback (most recent call last):
  File "/root/.paseo/worktrees/1epgz72k/lumpy-hippo/tests/test_conditional_add.py", line 110, in test_extra_collateral_and_liabilities_fail_closed
    with self.subTest(field=field, value=value), self.assertRaises(ValueError):
AssertionError: ValueError not raised

======================================================================
FAIL: test_extra_collateral_and_liabilities_fail_closed (tests.test_conditional_add.CapitalTests.test_extra_collateral_and_liabilities_fail_closed) (field='supplied', value='bad')
----------------------------------------------------------------------
Traceback (most recent call last):
  File "/root/.paseo/worktrees/1epgz72k/lumpy-hippo/tests/test_conditional_add.py", line 110, in test_extra_collateral_and_liabilities_fail_closed
    with self.subTest(field=field, value=value), self.assertRaises(ValueError):
AssertionError: ValueError not raised

======================================================================
FAIL: test_extra_collateral_and_liabilities_fail_closed (tests.test_conditional_add.CapitalTests.test_extra_collateral_and_liabilities_fail_closed) (escrows=None)
----------------------------------------------------------------------
Traceback (most recent call last):
  File "/root/.paseo/worktrees/1epgz72k/lumpy-hippo/tests/test_conditional_add.py", line 117, in test_extra_collateral_and_liabilities_fail_closed
    with self.subTest(escrows=escrows), self.assertRaises(ValueError):
AssertionError: ValueError not raised

======================================================================
FAIL: test_extra_collateral_and_liabilities_fail_closed (tests.test_conditional_add.CapitalTests.test_extra_collateral_and_liabilities_fail_closed) (escrows={})
----------------------------------------------------------------------
Traceback (most recent call last):
  File "/root/.paseo/worktrees/1epgz72k/lumpy-hippo/tests/test_conditional_add.py", line 117, in test_extra_collateral_and_liabilities_fail_closed
    with self.subTest(escrows=escrows), self.assertRaises(ValueError):
AssertionError: ValueError not raised

======================================================================
FAIL: test_extra_collateral_and_liabilities_fail_closed (tests.test_conditional_add.CapitalTests.test_extra_collateral_and_liabilities_fail_closed) (escrows=[None])
----------------------------------------------------------------------
Traceback (most recent call last):
  File "/root/.paseo/worktrees/1epgz72k/lumpy-hippo/tests/test_conditional_add.py", line 117, in test_extra_collateral_and_liabilities_fail_closed
    with self.subTest(escrows=escrows), self.assertRaises(ValueError):
AssertionError: ValueError not raised

======================================================================
FAIL: test_extra_collateral_and_liabilities_fail_closed (tests.test_conditional_add.CapitalTests.test_extra_collateral_and_liabilities_fail_closed) (escrows=[{}])
----------------------------------------------------------------------
Traceback (most recent call last):
  File "/root/.paseo/worktrees/1epgz72k/lumpy-hippo/tests/test_conditional_add.py", line 117, in test_extra_collateral_and_liabilities_fail_closed
    with self.subTest(escrows=escrows), self.assertRaises(ValueError):
AssertionError: ValueError not raised

======================================================================
FAIL: test_extra_collateral_and_liabilities_fail_closed (tests.test_conditional_add.CapitalTests.test_extra_collateral_and_liabilities_fail_closed) (escrows=[{'coin': 'HYPE', 'token': 150, 'total': '1'}])
----------------------------------------------------------------------
Traceback (most recent call last):
  File "/root/.paseo/worktrees/1epgz72k/lumpy-hippo/tests/test_conditional_add.py", line 117, in test_extra_collateral_and_liabilities_fail_closed
    with self.subTest(escrows=escrows), self.assertRaises(ValueError):
AssertionError: ValueError not raised

======================================================================
FAIL: test_extra_collateral_and_liabilities_fail_closed (tests.test_conditional_add.CapitalTests.test_extra_collateral_and_liabilities_fail_closed) (escrows=[{'coin': 'USDC', 'token': 0, 'total': 'NaN'}])
----------------------------------------------------------------------
Traceback (most recent call last):
  File "/root/.paseo/worktrees/1epgz72k/lumpy-hippo/tests/test_conditional_add.py", line 117, in test_extra_collateral_and_liabilities_fail_closed
    with self.subTest(escrows=escrows), self.assertRaises(ValueError):
AssertionError: ValueError not raised

======================================================================
FAIL: test_extra_collateral_and_liabilities_fail_closed (tests.test_conditional_add.CapitalTests.test_extra_collateral_and_liabilities_fail_closed) (mode=True)
----------------------------------------------------------------------
Traceback (most recent call last):
  File "/root/.paseo/worktrees/1epgz72k/lumpy-hippo/tests/test_conditional_add.py", line 122, in test_extra_collateral_and_liabilities_fail_closed
    with self.subTest(mode=mode), self.assertRaises(ValueError):
AssertionError: ValueError not raised

======================================================================
FAIL: test_extra_collateral_and_liabilities_fail_closed (tests.test_conditional_add.CapitalTests.test_extra_collateral_and_liabilities_fail_closed) (mode=None)
----------------------------------------------------------------------
Traceback (most recent call last):
  File "/root/.paseo/worktrees/1epgz72k/lumpy-hippo/tests/test_conditional_add.py", line 122, in test_extra_collateral_and_liabilities_fail_closed
    with self.subTest(mode=mode), self.assertRaises(ValueError):
AssertionError: ValueError not raised

======================================================================
FAIL: test_extra_collateral_and_liabilities_fail_closed (tests.test_conditional_add.CapitalTests.test_extra_collateral_and_liabilities_fail_closed) (mode='false')
----------------------------------------------------------------------
Traceback (most recent call last):
  File "/root/.paseo/worktrees/1epgz72k/lumpy-hippo/tests/test_conditional_add.py", line 122, in test_extra_collateral_and_liabilities_fail_closed
    with self.subTest(mode=mode), self.assertRaises(ValueError):
AssertionError: ValueError not raised

======================================================================
FAIL: test_terminated_old_trail_retains_full_overlay_across_reopen (tests.test_conditional_add.ConditionalAddTests.test_terminated_old_trail_retains_full_overlay_across_reopen) (status='canceled')
----------------------------------------------------------------------
Traceback (most recent call last):
  File "/root/.paseo/worktrees/1epgz72k/lumpy-hippo/tests/test_conditional_add.py", line 169, in test_terminated_old_trail_retains_full_overlay_across_reopen
    self.assertEqual(row["state"], "PROTECTED")
AssertionError: 'EXIT_PENDING' != 'PROTECTED'
- EXIT_PENDING
+ PROTECTED


======================================================================
FAIL: test_terminated_old_trail_retains_full_overlay_across_reopen (tests.test_conditional_add.ConditionalAddTests.test_terminated_old_trail_retains_full_overlay_across_reopen) (status='rejected')
----------------------------------------------------------------------
Traceback (most recent call last):
  File "/root/.paseo/worktrees/1epgz72k/lumpy-hippo/tests/test_conditional_add.py", line 169, in test_terminated_old_trail_retains_full_overlay_across_reopen
    self.assertEqual(row["state"], "PROTECTED")
AssertionError: 'EXIT_PENDING' != 'PROTECTED'
- EXIT_PENDING
+ PROTECTED


======================================================================
FAIL: test_terminated_old_trail_retains_full_overlay_across_reopen (tests.test_conditional_add.ConditionalAddTests.test_terminated_old_trail_retains_full_overlay_across_reopen) (status='expired')
----------------------------------------------------------------------
Traceback (most recent call last):
  File "/root/.paseo/worktrees/1epgz72k/lumpy-hippo/tests/test_conditional_add.py", line 169, in test_terminated_old_trail_retains_full_overlay_across_reopen
    self.assertEqual(row["state"], "PROTECTED")
AssertionError: 'EXIT_PENDING' != 'PROTECTED'
- EXIT_PENDING
+ PROTECTED


----------------------------------------------------------------------
Ran 20 tests in 10.411s

FAILED (failures=24, errors=2)
