{
  "result": "passed",
  "network": "forbidden",
  "gateway": "stub",
  "sqlite": "temporary, reopened by every CLI invocation",
  "commands": [
    "kis-hl --db TEMP/state.sqlite account capital --venue hyperliquid",
    "kis-hl --db TEMP/state.sqlite order preview --input TEMP/add.json",
    "kis-hl --db TEMP/state.sqlite signal execute --id add-once --input TEMP/add.json --manual --live",
    "kis-hl --db TEMP/state.sqlite supervisor run --venue hyperliquid --live --once",
    "kis-hl --db TEMP/state.sqlite supervisor run --venue hyperliquid --live --once",
    "kis-hl --db TEMP/state.sqlite supervisor run --venue hyperliquid --live --once",
    "kis-hl --db TEMP/state.sqlite supervisor run --venue hyperliquid --live --once",
    "kis-hl --db TEMP/state.sqlite supervisor run --venue hyperliquid --live --once",
    "kis-hl --db TEMP/state.sqlite supervisor run --venue hyperliquid --live --once",
    "kis-hl --db TEMP/state.sqlite signal execute --id add-once --input TEMP/add.json --manual --live",
    "kis-hl --db TEMP/state.sqlite order status --id 0a59b82fb9344d92aa850db403bee4c8"
  ],
  "total_balance": "1000",
  "operating_capital": "10000",
  "add_attempts": 1,
  "tranche_filled": "0.5",
  "remaining": "1.5",
  "sl_coverage": "1.5",
  "native_ts_coverage": "1.5",
  "state": "PROTECTED"
}
