{
  "result": "passed",
  "network": "forbidden",
  "gateway": "stub",
  "sqlite": "temporary, reopened by every CLI invocation",
  "commands": [
    "kis-hl --db TEMP/state.sqlite account capital --venue hyperliquid",
    "kis-hl --db TEMP/state.sqlite order preview --input TEMP/add.json",
    "kis-hl --db TEMP/state.sqlite signal execute --id add-once --input TEMP/add.json --manual --live",
    "kis-hl --db TEMP/state.sqlite supervisor status --venue hyperliquid",
    "kis-hl --db TEMP/state.sqlite supervisor run --venue hyperliquid --live --once",
    "kis-hl --db TEMP/state.sqlite supervisor status --venue hyperliquid",
    "kis-hl --db TEMP/state.sqlite supervisor run --venue hyperliquid --live --once",
    "kis-hl --db TEMP/state.sqlite supervisor run --venue hyperliquid --live --once",
    "kis-hl --db TEMP/state.sqlite supervisor status --venue hyperliquid",
    "kis-hl --db TEMP/state.sqlite supervisor run --venue hyperliquid --live --once",
    "kis-hl --db TEMP/state.sqlite supervisor run --venue hyperliquid --live --once",
    "kis-hl --db TEMP/state.sqlite supervisor run --venue hyperliquid --live --once",
    "kis-hl --db TEMP/state.sqlite signal execute --id add-once --input TEMP/add.json --manual --live",
    "kis-hl --db TEMP/state.sqlite order status --id e54fcb9e4bdd4b12b6ef5ce7d384b647",
    "kis-hl --db TEMP/state.sqlite supervisor status --venue hyperliquid"
  ],
  "total_balance": "1000",
  "operating_capital": "10000",
  "add_attempts": 1,
  "tranche_filled": "0.5",
  "remaining": "1.5",
  "pending_add_statuses": [
    "QUEUED",
    "UNKNOWN",
    "SUBMITTED",
    "none after terminal fill"
  ],
  "sl_coverage": "1.5",
  "native_ts_coverage": "1.5",
  "state": "PROTECTED"
}
