PASS deadline-without-using-retry-cap
budget=60000 cap=3 at_deadline=ENTERING after=INTERVENTION cancels=1
PASS retry-cap-before-deadline
cap=3 elapsed_ms=3 deadline=60000 state=INTERVENTION cancels=3
PASS crash-after-clock-before-cancel-row
raised=True prior_cancels=0 restarted_cancels=1 clock=1789948840000
PASS partial-fill-crash-during-stop-then-restart
raised=True covered=1.2 state=ENTERING cancels=1
PASS old-owner-clock-does-not-poison-later-add
stale=1789689601001 add_created=1789948800010 attempt_clock=1789948840000 state=ENTERING
PASS in-window-owner-timestamp-is-attributed-by-spec
foreign=1789948800060 restored=1789948800060 conforms to inclusive legacy interval; not a supported cross-target timeline
PASS cleanup-rollback-then-signed-retention
raised=True updates_before_failure=2 after=['CANCELED', 'CANCELED', 'QUEUED'] attempt=UNKNOWN
PASS status-read-purity-and-supervisor-repair
codes=(0, 0) db_unchanged=True retire_calls_on_step=1 repaired=CANCELED
PASS finished-states-repair-only-unsent-queued
[{"state": "CLOSED", "preserved_status": "UNKNOWN", "preserved_signature": "keep", "retired_status": "CANCELED", "retired_ms": 1789948800016, "owner_column": true}, {"state": "REJECTED", "preserved_status": "UNKNOWN", "preserved_signature": "keep", "retired_status": "CANCELED", "retired_ms": 1789948800016, "owner_column": true}, {"state": "PREVIEWED", "preserved_status": "UNKNOWN", "preserved_signature": "keep", "retired_status": "CANCELED", "retired_ms": 1789948800016, "owner_column": true}]
PASS entering-owner-add-is-rejected
rejected=True sent_delta=0
{
  "probes": 10,
  "failed": 0,
  "results": [
    {
      "probe": "deadline-without-using-retry-cap",
      "result": "passed",
      "detail": "budget=60000 cap=3 at_deadline=ENTERING after=INTERVENTION cancels=1"
    },
    {
      "probe": "retry-cap-before-deadline",
      "result": "passed",
      "detail": "cap=3 elapsed_ms=3 deadline=60000 state=INTERVENTION cancels=3"
    },
    {
      "probe": "crash-after-clock-before-cancel-row",
      "result": "passed",
      "detail": "raised=True prior_cancels=0 restarted_cancels=1 clock=1789948840000"
    },
    {
      "probe": "partial-fill-crash-during-stop-then-restart",
      "result": "passed",
      "detail": "raised=True covered=1.2 state=ENTERING cancels=1"
    },
    {
      "probe": "old-owner-clock-does-not-poison-later-add",
      "result": "passed",
      "detail": "stale=1789689601001 add_created=1789948800010 attempt_clock=1789948840000 state=ENTERING"
    },
    {
      "probe": "in-window-owner-timestamp-is-attributed-by-spec",
      "result": "passed",
      "detail": "foreign=1789948800060 restored=1789948800060 conforms to inclusive legacy interval; not a supported cross-target timeline"
    },
    {
      "probe": "cleanup-rollback-then-signed-retention",
      "result": "passed",
      "detail": "raised=True updates_before_failure=2 after=['CANCELED', 'CANCELED', 'QUEUED'] attempt=UNKNOWN"
    },
    {
      "probe": "status-read-purity-and-supervisor-repair",
      "result": "passed",
      "detail": "codes=(0, 0) db_unchanged=True retire_calls_on_step=1 repaired=CANCELED"
    },
    {
      "probe": "finished-states-repair-only-unsent-queued",
      "result": "passed",
      "detail": "[{\"state\": \"CLOSED\", \"preserved_status\": \"UNKNOWN\", \"preserved_signature\": \"keep\", \"retired_status\": \"CANCELED\", \"retired_ms\": 1789948800016, \"owner_column\": true}, {\"state\": \"REJECTED\", \"preserved_status\": \"UNKNOWN\", \"preserved_signature\": \"keep\", \"retired_status\": \"CANCELED\", \"retired_ms\": 1789948800016, \"owner_column\": true}, {\"state\": \"PREVIEWED\", \"preserved_status\": \"UNKNOWN\", \"preserved_signature\": \"keep\", \"retired_status\": \"CANCELED\", \"retired_ms\": 1789948800016, \"owner_column\": true}]"
    },
    {
      "probe": "entering-owner-add-is-rejected",
      "result": "passed",
      "detail": "rejected=True sent_delta=0"
    }
  ]
}
