{
  "result": "passed",
  "network": "forbidden",
  "gateway": "stub",
  "sqlite": "temporary, reopened by every CLI invocation",
  "commands": [
    "kis-hl --db TEMP/state.sqlite account capital --venue hyperliquid",
    "kis-hl --db TEMP/state.sqlite order preview --input TEMP/add.json",
    "kis-hl --db TEMP/state.sqlite signal execute --id add-once --input TEMP/add.json --manual --live",
    "kis-hl --db TEMP/state.sqlite supervisor status --venue hyperliquid",
    "kis-hl --db TEMP/state.sqlite supervisor run --venue hyperliquid --live --once",
    "kis-hl --db TEMP/state.sqlite supervisor status --venue hyperliquid",
    "kis-hl --db TEMP/state.sqlite supervisor run --venue hyperliquid --live --once",
    "kis-hl --db TEMP/state.sqlite supervisor run --venue hyperliquid --live --once",
    "kis-hl --db TEMP/state.sqlite supervisor status --venue hyperliquid",
    "kis-hl --db TEMP/state.sqlite supervisor run --venue hyperliquid --live --once",
    "kis-hl --db TEMP/state.sqlite supervisor run --venue hyperliquid --live --once",
    "kis-hl --db TEMP/state.sqlite supervisor run --venue hyperliquid --live --once",
    "kis-hl --db TEMP/state.sqlite signal execute --id add-once --input TEMP/add.json --manual --live",
    "kis-hl --db TEMP/state.sqlite order status --id 032237d433e64b0e989559240a334da9",
    "kis-hl --db TEMP/state.sqlite supervisor status --venue hyperliquid"
  ],
  "total_balance": "1000",
  "operating_capital": "10000",
  "add_attempts": 1,
  "tranche_filled": "0.5",
  "remaining": "1.5",
  "pending_add_statuses": [
    "QUEUED",
    "UNKNOWN",
    "SUBMITTED",
    "none after terminal fill"
  ],
  "sl_coverage": "1.5",
  "native_ts_coverage": "1.5",
  "state": "PROTECTED",
  "lifecycle": [
    {
      "scenario": "cancel-after-historical-entry",
      "result": "passed",
      "target_cancel_attempts": 1,
      "remaining": "1.2",
      "sl_coverage": "1.2",
      "state": "PROTECTED",
      "commands": [
        "kis-hl --db TEMP/state.sqlite signal execute --id add-once --input TEMP/add.json --manual --live",
        "kis-hl --db TEMP/state.sqlite supervisor run --venue hyperliquid --live --once",
        "kis-hl --db TEMP/state.sqlite supervisor run --venue hyperliquid --live --once",
        "kis-hl --db TEMP/state.sqlite order status --id a6676e44c6bb4c84835535f526293333",
        "kis-hl --db TEMP/state.sqlite supervisor run --venue hyperliquid --live --once",
        "kis-hl --db TEMP/state.sqlite supervisor run --venue hyperliquid --live --once",
        "kis-hl --db TEMP/state.sqlite supervisor run --venue hyperliquid --live --once"
      ]
    },
    {
      "scenario": "terminal-unsent-retirement",
      "result": "passed",
      "add_attempts": 0,
      "legacy_queue_repaired": true,
      "state": "CLOSED",
      "commands": [
        "kis-hl --db TEMP/state.sqlite signal execute --id add-once --input TEMP/add.json --manual --live",
        "kis-hl --db TEMP/state.sqlite order exit --id 80b2f52099b04a9f86ed0309ebd6a9e6",
        "kis-hl --db TEMP/state.sqlite supervisor run --venue hyperliquid --live --once",
        "kis-hl --db TEMP/state.sqlite supervisor run --venue hyperliquid --live --once",
        "kis-hl --db TEMP/state.sqlite supervisor run --venue hyperliquid --live --once",
        "kis-hl --db TEMP/state.sqlite supervisor run --venue hyperliquid --live --once",
        "kis-hl --db TEMP/state.sqlite order status --id 80b2f52099b04a9f86ed0309ebd6a9e6",
        "kis-hl --db TEMP/state.sqlite supervisor status --venue hyperliquid",
        "kis-hl --db TEMP/state.sqlite supervisor run --venue hyperliquid --live --once"
      ]
    }
  ]
}
