======================================================================
ERROR: test_cancel_clock_is_durable_before_process_death_and_unknown_is_not_retried (tests.test_add_lifecycle.AddLifecycleTests.test_cancel_clock_is_durable_before_process_death_and_unknown_is_not_retried)
----------------------------------------------------------------------
Traceback (most recent call last):
  File "/root/.paseo/worktrees/1epgz72k/lumpy-hippo/tests/test_add_lifecycle.py", line 109, in test_cancel_clock_is_durable_before_process_death_and_unknown_is_not_retried
    self.assertEqual(attempt["cancel_started_ms"], expiry)
                     ~~~~~~~^^^^^^^^^^^^^^^^^^^^^
KeyError: 'cancel_started_ms'

======================================================================
ERROR: test_legacy_same_target_cancel_history_keeps_original_deadline (tests.test_add_lifecycle.AddLifecycleTests.test_legacy_same_target_cancel_history_keeps_original_deadline)
----------------------------------------------------------------------
Traceback (most recent call last):
  File "/root/.paseo/worktrees/1epgz72k/lumpy-hippo/tests/test_add_lifecycle.py", line 98, in test_legacy_same_target_cancel_history_keeps_original_deadline
    self.assertEqual(restored["cancel_started_ms"], expiry)
                     ~~~~~~~~^^^^^^^^^^^^^^^^^^^^^
KeyError: 'cancel_started_ms'

======================================================================
FAIL: test_finished_owner_reopen_repairs_legacy_queued_tranche (tests.test_add_lifecycle.AddLifecycleTests.test_finished_owner_reopen_repairs_legacy_queued_tranche)
----------------------------------------------------------------------
Traceback (most recent call last):
  File "/root/.paseo/worktrees/1epgz72k/lumpy-hippo/tests/test_add_lifecycle.py", line 163, in test_finished_owner_reopen_repairs_legacy_queued_tranche
    self.assertEqual(repaired["status"], "CANCELED")
AssertionError: 'QUEUED' != 'CANCELED'
- QUEUED
+ CANCELED


======================================================================
FAIL: test_full_exit_retires_unsent_add_without_erasing_evidence (tests.test_add_lifecycle.AddLifecycleTests.test_full_exit_retires_unsent_add_without_erasing_evidence)
----------------------------------------------------------------------
Traceback (most recent call last):
  File "/root/.paseo/worktrees/1epgz72k/lumpy-hippo/tests/test_add_lifecycle.py", line 147, in test_full_exit_retires_unsent_add_without_erasing_evidence
    self.assertEqual(retired["status"], "CANCELED")
AssertionError: 'QUEUED' != 'CANCELED'
- QUEUED
+ CANCELED


======================================================================
FAIL: test_new_add_gets_own_cancel_budget_after_historical_entry_cancel (tests.test_add_lifecycle.AddLifecycleTests.test_new_add_gets_own_cancel_budget_after_historical_entry_cancel)
----------------------------------------------------------------------
Traceback (most recent call last):
  File "/root/.paseo/worktrees/1epgz72k/lumpy-hippo/tests/test_add_lifecycle.py", line 60, in test_new_add_gets_own_cancel_budget_after_historical_entry_cancel
    self.assertEqual(len(self.cancels(add["id"])), 1)
AssertionError: 0 != 1

======================================================================
FAIL: test_partial_fill_while_cancel_pending_extends_existing_sl (tests.test_add_lifecycle.AddLifecycleTests.test_partial_fill_while_cancel_pending_extends_existing_sl)
----------------------------------------------------------------------
Traceback (most recent call last):
  File "/root/.paseo/worktrees/1epgz72k/lumpy-hippo/tests/test_add_lifecycle.py", line 122, in test_partial_fill_while_cancel_pending_extends_existing_sl
    self.assertEqual(len(self.cancels(add["id"])), 1)
AssertionError: 0 != 1

----------------------------------------------------------------------
Ran 8 tests in 2.908s

FAILED (failures=4, errors=2)
